$ git pull origin main                                       	±[main]

$ git status                                                 	±[main]

$ git remote -v                                              	±[main]

$ git remote add upstream https://<...>.git                     ±[main]

$ git remote -v                                                 ±[main]
                                                                                                                 
$ git fetch upstream main                                       ±[main]

$ git checkout main                                             ±[main]

$ git rebase upstream/main                                      ±[main]
Successfully rebased and updated refs/heads/main.

$ git status                                                    ±[A11][main]
On branch main
Your branch is ahead of 'origin/main' by 11 commits.
  (use "git push" to publish your local commits)

nothing to commit, working tree clean

$ git push -f origin main                                       ±[A11][main]
                                  
